// Jest Snapshot v1, https://goo.gl/fbAQLP

exports[`With Snapshot Testing App shows Hello world! 1`] = `
<div>
  <h1>
    Exchange
  </h1>
  <div>
    <select
      onChange={[Function]}
      value="USD"
    >
      <option
        value="EUR"
      >
        EUR
      </option>
      <option
        value="GBP"
      >
        GBP
      </option>
      <option
        value="USD"
      >
        USD
      </option>
    </select>
  </div>
  <div>
    <input
      onChange={[Function]}
      type="text"
      value={1}
    />
  </div>
  <div>
    <select
      onChange={[Function]}
      value="EUR"
    >
      <option
        value="EUR"
      >
        EUR
      </option>
      <option
        value="GBP"
      >
        GBP
      </option>
      <option
        value="USD"
      >
        USD
      </option>
    </select>
  </div>
  <div>
    <div>
      EUR
    </div>
    <div>
      2
    </div>
  </div>
</div>
`;

exports[`With Snapshot Testing App shows the header 1`] = `
<div>
  <h1>
    Exchange
  </h1>
  <div>
    <select
      onChange={[Function]}
      value="USD"
    >
      <option
        value="EUR"
      >
        EUR
      </option>
      <option
        value="GBP"
      >
        GBP
      </option>
      <option
        value="USD"
      >
        USD
      </option>
    </select>
  </div>
  <div>
    <input
      onChange={[Function]}
      type="text"
      value={1}
    />
  </div>
  <div>
    <select
      onChange={[Function]}
      value="EUR"
    >
      <option
        value="EUR"
      >
        EUR
      </option>
      <option
        value="GBP"
      >
        GBP
      </option>
      <option
        value="USD"
      >
        USD
      </option>
    </select>
  </div>
  <div>
    <div>
      EUR
    </div>
    <div>
      2
    </div>
  </div>
</div>
`;
